=== preflight
  python 3.11.15; inputs present
=== tests
.......................                                                  [100%]
=== exp01_corpus
== E0 corpus audit
  wrote results/tables/e0_corpus.csv  (2 rows)
  wrote results/tables/e0_sessionisation_sensitivity.csv  (24 rows)
  wrote results/tables/e0_agent_mix.csv  (12 rows)
  wrote results/metadata/e0_sessionisation.json
workload                                description         source_file  requests_parsed  unique_addresses  unique_scope16  unique_prefix24  unique_user_agents  unique_agent_cores  referrer_coverage  span_days  sessions  requests_in_sessions  requests_per_session_median  requests_per_session_mean  requests_per_session_p90  requests_per_session_max
  W1_web   Human web browsing (Apache combined log) apache_sample_1.log            10000              1753            1276             1474                 558                  40           0.592700       3.46       254                  3874                          9.0                      15.25                      33.0                       108
  W2_apt Package-manager clients (Nginx access log)      nginx_real.log            51462              2660            1026             2254                 136                  22           0.000253      17.96      3126                 43307                         12.0                      13.85                      21.0                        83
   done in 63.3s
=== exp02_main
== E1 main evaluation (30 seeds x 2 workloads)
  wrote results/tables/e1_main_runs.csv  (60 rows)
  wrote results/tables/e1_main_summary.csv  (2 rows)
  wrote results/tables/e1_per_scenario.csv  (16 rows)
  wrote results/tables/e1_false_alarms_by_benign_class.csv  (22 rows)
  wrote results/tables/e1_calibration_runs.csv  (60 rows)
  wrote results/tables/e1_calibration_summary.csv  (2 rows)
   done in 50.4s
== E1b false-alarm budget sweep
  wrote results/tables/e1_alpha_sweep_runs.csv  (210 rows)
  wrote results/tables/e1_alpha_sweep.csv  (14 rows)
   done in 132.3s
== E2 baseline comparison
  wrote results/tables/e2_baseline_runs.csv  (660 rows)
  wrote results/tables/e2_baselines.csv  (22 rows)
   done in 55.7s

--- main summary ---
workload  n_runs  recall_mean  recall_sd  recall_ci_lo  recall_ci_hi  precision_mean  precision_sd  precision_ci_lo  precision_ci_hi  f1_mean    f1_sd  f1_ci_lo  f1_ci_hi  fpr_mean   fpr_sd  fpr_ci_lo  fpr_ci_hi  roc_auc_mean  roc_auc_sd  roc_auc_ci_lo  roc_auc_ci_hi
  W1_web      30     0.567199   0.140545      0.519594      0.618165        0.870366      0.083769         0.840110         0.899317 0.674068 0.094294  0.641106  0.707535   0.01863 0.015027   0.013549   0.024212      0.965127     0.01377       0.960228       0.969817
  W2_apt      30     0.427686   0.069237      0.403199      0.451348        0.856849      0.037321         0.844113         0.870181 0.565959 0.060595  0.544557  0.586767   0.01776 0.006481   0.015474   0.020014      0.959764     0.00443       0.958237       0.961340
=== exp03_ablation
== E3 ablation
  wrote results/tables/e3_ablation_runs.csv  (660 rows)
  wrote results/tables/e3_ablation.csv  (33 rows)
workload        family                      variant  recall_mean  fpr_mean  f1_mean  roc_auc_mean
  W1_web        design                  accumulator     0.277835  0.017103 0.378882      0.955613
  W1_web        design                 no_migration     0.420774  0.017042 0.543431      0.960375
  W1_web leave_one_out      minus_V1_agent_mutation     0.343441  0.026013 0.438639      0.952699
  W1_web leave_one_out minus_V2_scope_discontinuity     0.678095  0.034607 0.729043      0.840997
  W1_web leave_one_out        minus_V3_binding_fork     0.670343  0.024131 0.741587      0.958212
  W1_web     reference                         full     0.562551  0.017959 0.673184      0.964514
  W1_web      restored  plus_V4_transition_velocity     0.430367  0.012844 0.553643      0.962143
  W1_web      restored   plus_V5_rate_discontinuity     0.475908  0.015634 0.598385      0.921175
  W1_web      restored     plus_V6_navigation_break     0.572219  0.016106 0.685384      0.951687
  W1_web      restored            plus_all_rejected     0.425306  0.013769 0.541630      0.928368
  W1_web        single       only_V1_agent_mutation     0.503400  0.066861 0.547332      0.737912
  W1_web        single  only_V2_scope_discontinuity     0.524597  0.031880 0.618744      0.952270
  W1_web        single         only_V3_binding_fork     0.458491  0.086988 0.510516      0.693486
  W1_web        single  only_V4_transition_velocity     0.199513  0.013327 0.278962      0.747408
  W1_web        single   only_V5_rate_discontinuity     0.521727  0.505674 0.259857      0.504581
  W1_web        single     only_V6_navigation_break     0.851536  0.594648 0.357902      0.628444
  W1_web     weighting                equal_weights     0.557551  0.017963 0.669353      0.963376
  W2_apt        design                  accumulator     0.121708  0.011056 0.206512      0.950813
  W2_apt        design                 no_migration     0.298075  0.016634 0.433149      0.954799
  W2_apt leave_one_out      minus_V1_agent_mutation     0.328957  0.018655 0.464395      0.952665
  W2_apt leave_one_out minus_V2_scope_discontinuity     0.582557  0.044125 0.658940      0.773724
  W2_apt leave_one_out        minus_V3_binding_fork     0.603299  0.028999 0.699252      0.959201
  W2_apt     reference                         full     0.435932  0.018655 0.573027      0.960284
  W2_apt      restored  plus_V4_transition_velocity     0.315615  0.011323 0.458305      0.962250
  W2_apt      restored   plus_V5_rate_discontinuity     0.349535  0.011960 0.498348      0.881581
  W2_apt      restored     plus_V6_navigation_break     0.435932  0.018655 0.573027      0.960284
  W2_apt      restored            plus_all_rejected     0.304257  0.010929 0.446158      0.884071
  W2_apt        single       only_V1_agent_mutation     1.000000  1.000000 0.323731      0.602169
  W2_apt        single  only_V2_scope_discontinuity     0.501730  0.028999 0.617599      0.952514
  W2_apt        single         only_V3_binding_fork     0.475630  0.044125 0.572429      0.715753
  W2_apt        single  only_V4_transition_velocity     0.158442  0.012903 0.256370      0.736759
  W2_apt        single   only_V5_rate_discontinuity     0.583642  0.596514 0.286276      0.499768
  W2_apt     weighting                equal_weights     0.435932  0.018655 0.573027      0.959601
   done in 455.2s
=== exp05_leakage
== E5a marginal-feature audit
  wrote results/tables/e5_marginal_runs.csv  (320 rows)
  wrote results/tables/e5_marginal_audit.csv  (16 rows)
   done in 41.4s
== E5b content-feature reference detector
  wrote results/tables/e5_content_reference_runs.csv  (40 rows)
  wrote results/tables/e5_content_reference.csv  (2 rows)
   done in 32.5s
== E5c split sensitivity
  wrote results/tables/e5_split_runs.csv  (120 rows)
  wrote results/tables/e5_split_sensitivity.csv  (6 rows)
   done in 83.1s
== E5d structural leakage checks
  wrote results/metadata/leakage_report.json
  [PASS] W1_web: session ids unique in corpus: 254 sessions, 254 distinct ids
  [PASS] W1_web: duplicate requests within a session: 17 exact-duplicate request tuples (retained: repeated identical requests occur in real traffic)
  [PASS] W1_web seed 0: calibration/evaluation session-disjoint: 0 shared session ids
  [PASS] W1_web seed 0: calibration partition attack-free: 0 labelled sessions, 0 injected requests in calibration
  [PASS] W1_web seed 0: injected sessions keep the original length: every injected session has the request count of its original
  [PASS] W1_web seed 1: calibration/evaluation session-disjoint: 0 shared session ids
  [PASS] W1_web seed 1: calibration partition attack-free: 0 labelled sessions, 0 injected requests in calibration
  [PASS] W1_web seed 1: injected sessions keep the original length: every injected session has the request count of its original
  [PASS] W1_web seed 2: calibration/evaluation session-disjoint: 0 shared session ids
  [PASS] W1_web seed 2: calibration partition attack-free: 0 labelled sessions, 0 injected requests in calibration
  [PASS] W1_web seed 2: injected sessions keep the original length: every injected session has the request count of its original
  [PASS] W1_web: client-disjoint split isolates clients: 0 clients in both partitions
  [PASS] W2_apt: session ids unique in corpus: 3126 sessions, 3126 distinct ids
  [PASS] W2_apt: duplicate requests within a session: 4642 exact-duplicate request tuples (retained: repeated identical requests occur in real traffic)
  [PASS] W2_apt seed 0: calibration/evaluation session-disjoint: 0 shared session ids
  [PASS] W2_apt seed 0: calibration partition attack-free: 0 labelled sessions, 0 injected requests in calibration
  [PASS] W2_apt seed 0: injected sessions keep the original length: every injected session has the request count of its original
  [PASS] W2_apt seed 1: calibration/evaluation session-disjoint: 0 shared session ids
  [PASS] W2_apt seed 1: calibration partition attack-free: 0 labelled sessions, 0 injected requests in calibration
  [PASS] W2_apt seed 1: injected sessions keep the original length: every injected session has the request count of its original
  [PASS] W2_apt seed 2: calibration/evaluation session-disjoint: 0 shared session ids
  [PASS] W2_apt seed 2: calibration partition attack-free: 0 labelled sessions, 0 injected requests in calibration
  [PASS] W2_apt seed 2: injected sessions keep the original length: every injected session has the request count of its original
  [PASS] W2_apt: client-disjoint split isolates clients: 0 clients in both partitions
  [PASS] development and reporting seed blocks are disjoint: reporting 0-29, development 100-119
  [PASS] final invariant set consumes no timing or volume feature: retained invariants: V1_agent_mutation, V2_scope_discontinuity, V3_binding_fork -- none reads an inter-arrival gap, a byte count, a request count or a session duration, so any residual marginal signal in those quantities cannot reach the detector
  26 passed, 0 failed
   done in 5.9s
workload        feature  n_runs  roc_auc_mean  roc_auc_sd  roc_auc_ci_lo  roc_auc_ci_hi
  W1_web distinct_paths      20      0.498467    0.074078       0.466138       0.529124
  W1_web     duration_s      20      0.494738    0.056772       0.470441       0.518911
  W1_web     error_rate      20      0.505244    0.042628       0.487147       0.523615
  W1_web     mean_bytes      20      0.506059    0.074171       0.474350       0.537484
  W1_web   median_gap_s      20      0.412142    0.047798       0.392036       0.432175
  W1_web      min_gap_s      20      0.466000    0.062866       0.439451       0.492821
  W1_web     n_requests      20      0.521792    0.066328       0.493763       0.549675
  W1_web    total_bytes      20      0.520579    0.072581       0.489613       0.551291
  W2_apt distinct_paths      20      0.732304    0.010961       0.727761       0.736928
  W2_apt     duration_s      20      0.496048    0.016615       0.489032       0.503415
  W2_apt     error_rate      20      0.510780    0.018510       0.502987       0.518624
  W2_apt     mean_bytes      20      0.510764    0.018195       0.502938       0.518497
  W2_apt   median_gap_s      20      0.438784    0.018441       0.430783       0.446802
  W2_apt      min_gap_s      20      0.487664    0.013186       0.482004       0.493230
  W2_apt     n_requests      20      0.517760    0.016870       0.510705       0.524804
  W2_apt    total_bytes      20      0.516449    0.017753       0.509063       0.524069
=== exp06_efficiency
== E6 efficiency
  wrote results/tables/e6_efficiency.csv  (2 rows)
  wrote results/tables/e6_scaling.csv  (10 rows)
  wrote results/tables/e6_preparation_cost.csv  (2 rows)
  wrote results/metadata/e6_environment.json
workload  invariants  requests  live_sessions  throughput_req_per_s  throughput_req_per_s_min  throughput_req_per_s_max  us_per_request_uninstrumented  latency_us_median  latency_us_p95  latency_us_p99  latency_us_max  state_bytes_per_session  state_bytes_design_bound
  W1_web           3      1993            127          71987.162086              67770.782959              73479.771550                      13.891366          12.252000       20.402999       42.225560       69.858001              4767.141732                      2000
  W2_apt           3     22007           1563          67300.385511              66032.629403              68608.809441                      14.858756          13.026001       20.672001       42.283599      129.424001              3366.436340                      2000
   done in 26.7s
=== exp04_robustness
== E4a adversary grid
  wrote results/tables/e4_scenario_grid_runs.csv  (400 rows)
  wrote results/tables/e4_scenario_grid.csv  (20 rows)
  wrote results/tables/e4_scenario_baselines_runs.csv  (4400 rows)
  wrote results/tables/e4_scenario_baselines.csv  (220 rows)
   done in 401.8s
== E4b assumption sweeps
  wrote results/tables/e4_sweep_runs.csv  (1320 rows)
  wrote results/tables/e4_sweeps.csv  (66 rows)
   done in 861.8s
== E4c address-churn crossover against baselines
