== E1 main evaluation (30 seeds x 2 workloads)
  wrote results/tables/e1_main_runs.csv  (60 rows)
  wrote results/tables/e1_main_summary.csv  (2 rows)
  wrote results/tables/e1_per_scenario.csv  (24 rows)
  wrote results/tables/e1_false_alarms_by_benign_class.csv  (22 rows)
  wrote results/tables/e1_calibration_runs.csv  (60 rows)
  wrote results/tables/e1_calibration_summary.csv  (2 rows)
   done in 82.9s
== E1b false-alarm budget sweep
  wrote results/tables/e1_alpha_sweep_runs.csv  (210 rows)
  wrote results/tables/e1_alpha_sweep.csv  (14 rows)
   done in 232.8s
== E2 baseline comparison
  wrote results/tables/e2_baseline_runs.csv  (660 rows)
  wrote results/tables/e2_baselines.csv  (22 rows)
   done in 92.2s

--- main summary ---
workload  n_runs  recall_mean  recall_sd  recall_ci_lo  recall_ci_hi  precision_mean  precision_sd  precision_ci_lo  precision_ci_hi  f1_mean    f1_sd  f1_ci_lo  f1_ci_hi  fpr_mean   fpr_sd  fpr_ci_lo  fpr_ci_hi  roc_auc_mean  roc_auc_sd  roc_auc_ci_lo  roc_auc_ci_hi
  W1_web      30     0.357919   0.136839      0.311421      0.406962        0.906418      0.113686         0.865687         0.944749 0.496765 0.141384  0.448230  0.547069  0.008489 0.012968   0.004374   0.013411      0.883586    0.046863       0.866471       0.899549
  W2_apt      30     0.229087   0.052790      0.210562      0.247160        0.920136      0.057349         0.900361         0.940320 0.362267 0.067161  0.338676  0.385123  0.005628 0.004093   0.004198   0.007028      0.851014    0.010238       0.847507       0.854677
