== E7 statistical analysis
  wrote results/tables/e7_baseline_tests.csv  (20 rows)
  wrote results/tables/e7_ablation_tests_leave_one_out.csv  (6 rows)
  wrote results/tables/e7_ablation_tests_restored.csv  (8 rows)
  wrote results/tables/e7_ablation_tests_single.csv  (11 rows)
  wrote results/tables/e7_ablation_tests_weighting.csv  (2 rows)
  wrote results/tables/e7_ablation_tests_design.csv  (4 rows)
  wrote results/tables/e7_base_rate.csv  (12 rows)
workload                                 comparison  n_pairs  f1_median_diff         f1_p  recall_median_diff     recall_p  fpr_median_diff        fpr_p  roc_auc_median_diff    roc_auc_p  balanced_accuracy_median_diff  balanced_accuracy_p    f1_p_holm  recall_p_holm   fpr_p_holm  roc_auc_p_holm  balanced_accuracy_p_holm
  W1_web                  SICA (proposed) vs pin_ip       30       -0.080245 8.142980e-03           -0.388889 1.732216e-06        -0.145645 1.733307e-06                  NaN          NaN                      -0.122792         1.303852e-07 4.071490e-02   1.725686e-05 1.385773e-05    1.862645e-08              1.173466e-06
  W1_web    SICA (proposed) vs pin_ip_and_useragent       30        0.023409 1.909295e-01           -0.043478 2.583686e-01        -0.042544 3.513152e-06                  NaN          NaN                      -0.003675         6.263463e-01 5.727886e-01   5.167371e-01 2.107891e-05    1.862645e-08              1.000000e+00
  W1_web     SICA (proposed) vs pin_ip_or_useragent       30       -0.086538 1.886003e-04           -0.520870 1.726773e-06        -0.187593 1.862645e-09                  NaN          NaN                      -0.164235         1.862645e-09 1.131602e-03   1.725686e-05 1.862645e-08    1.862645e-08              1.862645e-08
  W1_web            SICA (proposed) vs pin_prefix24       30       -0.070596 9.301122e-03           -0.182195 8.313053e-06        -0.063636 1.732216e-06                  NaN          NaN                      -0.068319         5.592592e-05 4.071490e-02   4.156527e-05 1.385773e-05    1.862645e-08              2.796296e-04
  W1_web             SICA (proposed) vs pin_scope16       30        0.035189 5.439956e-01            0.000000 7.037087e-01        -0.019231 3.778681e-06                  NaN          NaN                       0.011748         6.732717e-01 5.727886e-01   7.037087e-01 2.107891e-05    1.862645e-08              1.000000e+00
  W1_web           SICA (proposed) vs pin_useragent       30       -0.010428 2.129329e-01           -0.171569 1.512563e-05        -0.083723 1.862645e-09                  NaN          NaN                      -0.040726         8.718204e-04 5.727886e-01   6.050251e-05 1.862645e-08    1.862645e-08              2.615461e-03
  W1_web      SICA (proposed) vs pin_useragent_core       30       -0.117879 5.304573e-05           -0.105263 2.084118e-04         0.000000 9.815398e-04                  NaN          NaN                      -0.055967         1.149442e-04 3.713201e-04   6.252355e-04 3.926159e-03    1.862645e-08              4.597769e-04
  W1_web        SICA (proposed) vs score_burstiness       30        0.508065 1.732216e-06            0.360681 1.725686e-06         0.000000 9.815398e-04             0.399159 1.862645e-09                       0.174432         1.732216e-06 1.732216e-05   1.725686e-05 3.926159e-03    1.862645e-08              1.385773e-05
  W1_web SICA (proposed) vs score_distinct_bindings       30        0.433990 1.733307e-06            0.340580 1.731126e-06         0.000000 9.815398e-04             0.071999 1.862645e-09                       0.156334         1.733307e-06 1.732216e-05   1.725686e-05 3.926159e-03    1.862645e-08              1.385773e-05
  W1_web  SICA (proposed) vs score_max_request_rate       30        0.508065 1.732216e-06            0.360681 1.725686e-06         0.000000 9.815398e-04             0.338924 1.862645e-09                       0.174432         1.732216e-06 1.732216e-05   1.725686e-05 3.926159e-03    1.862645e-08              1.385773e-05
  W2_apt                  SICA (proposed) vs pin_ip       30       -0.203862 1.862645e-09           -0.455159 1.862645e-09        -0.146576 1.862645e-09                  NaN          NaN                      -0.153375         1.862645e-09 1.862645e-08   1.862645e-08 1.862645e-08    1.862645e-08              1.862645e-08
  W2_apt    SICA (proposed) vs pin_ip_and_useragent       30       -0.040006 9.220093e-06           -0.083051 2.848903e-06        -0.043246 1.862645e-09                  NaN          NaN                      -0.018455         4.421920e-06 1.844019e-05   5.697807e-06 1.862645e-08    1.862645e-08              8.843839e-06
  W2_apt     SICA (proposed) vs pin_ip_or_useragent       30       -0.248358 1.862645e-09           -0.611791 1.862645e-09        -0.194235 1.862645e-09                  NaN          NaN                      -0.209238         1.862645e-09 1.862645e-08   1.862645e-08 1.862645e-08    1.862645e-08              1.862645e-08
  W2_apt            SICA (proposed) vs pin_prefix24       30       -0.191335 1.862645e-09           -0.287353 1.862645e-09        -0.065926 1.862645e-09                  NaN          NaN                      -0.111667         1.862645e-09 1.862645e-08   1.862645e-08 1.862645e-08    1.862645e-08              1.862645e-08
  W2_apt             SICA (proposed) vs pin_scope16       30       -0.077995 3.725290e-09           -0.094684 1.862645e-09        -0.023731 1.862645e-09                  NaN          NaN                      -0.035648         3.725290e-09 1.862645e-08   1.862645e-08 1.862645e-08    1.862645e-08              1.862645e-08
  W2_apt           SICA (proposed) vs pin_useragent       30       -0.122259 1.862645e-09           -0.249194 1.862645e-09        -0.091739 1.862645e-09                  NaN          NaN                      -0.076744         1.862645e-09 1.862645e-08   1.862645e-08 1.862645e-08    1.862645e-08              1.862645e-08
  W2_apt      SICA (proposed) vs pin_useragent_core       30        0.026563 5.027610e-01            0.030544 2.054097e-01         0.006354 5.956978e-05                  NaN          NaN                       0.010345         4.161299e-01 5.027610e-01   2.054097e-01 2.382791e-04    1.862645e-08              4.161299e-01
  W2_apt        SICA (proposed) vs score_burstiness       30        0.384335 1.862645e-09            0.246265 1.733307e-06        -0.001586 3.125932e-03             0.386699 1.862645e-09                       0.124313         1.862645e-09 1.862645e-08   5.199920e-06 3.125932e-03    1.862645e-08              1.862645e-08
  W2_apt SICA (proposed) vs score_distinct_bindings       30        0.336110 1.862645e-09            0.222792 1.862645e-09         0.006354 5.956978e-05             0.087235 1.862645e-09                       0.106739         1.862645e-09 1.862645e-08   1.862645e-08 2.382791e-04    1.862645e-08              1.862645e-08
  W2_apt  SICA (proposed) vs score_max_request_rate       30        0.390619 1.862645e-09            0.249595 1.862645e-09         0.006354 5.956978e-05             0.346147 1.862645e-09                       0.121433         1.862645e-09 1.862645e-08   1.862645e-08 2.382791e-04    1.862645e-08              1.862645e-08
   done in 0.5s
