== E5a marginal-feature audit
  wrote results/tables/e5_marginal_runs.csv  (320 rows)
  wrote results/tables/e5_marginal_audit.csv  (16 rows)
   done in 41.4s
== E5b content-feature reference detector
  wrote results/tables/e5_content_reference_runs.csv  (40 rows)
  wrote results/tables/e5_content_reference.csv  (2 rows)
   done in 32.5s
== E5c split sensitivity
  wrote results/tables/e5_split_runs.csv  (120 rows)
  wrote results/tables/e5_split_sensitivity.csv  (6 rows)
   done in 83.1s
== E5d structural leakage checks
  wrote results/metadata/leakage_report.json
  [PASS] W1_web: session ids unique in corpus: 254 sessions, 254 distinct ids
  [PASS] W1_web: duplicate requests within a session: 17 exact-duplicate request tuples (retained: repeated identical requests occur in real traffic)
  [PASS] W1_web seed 0: calibration/evaluation session-disjoint: 0 shared session ids
  [PASS] W1_web seed 0: calibration partition attack-free: 0 labelled sessions, 0 injected requests in calibration
  [PASS] W1_web seed 0: injected sessions keep the original length: every injected session has the request count of its original
  [PASS] W1_web seed 1: calibration/evaluation session-disjoint: 0 shared session ids
  [PASS] W1_web seed 1: calibration partition attack-free: 0 labelled sessions, 0 injected requests in calibration
  [PASS] W1_web seed 1: injected sessions keep the original length: every injected session has the request count of its original
  [PASS] W1_web seed 2: calibration/evaluation session-disjoint: 0 shared session ids
  [PASS] W1_web seed 2: calibration partition attack-free: 0 labelled sessions, 0 injected requests in calibration
  [PASS] W1_web seed 2: injected sessions keep the original length: every injected session has the request count of its original
  [PASS] W1_web: client-disjoint split isolates clients: 0 clients in both partitions
  [PASS] W2_apt: session ids unique in corpus: 3126 sessions, 3126 distinct ids
  [PASS] W2_apt: duplicate requests within a session: 4642 exact-duplicate request tuples (retained: repeated identical requests occur in real traffic)
  [PASS] W2_apt seed 0: calibration/evaluation session-disjoint: 0 shared session ids
  [PASS] W2_apt seed 0: calibration partition attack-free: 0 labelled sessions, 0 injected requests in calibration
  [PASS] W2_apt seed 0: injected sessions keep the original length: every injected session has the request count of its original
  [PASS] W2_apt seed 1: calibration/evaluation session-disjoint: 0 shared session ids
  [PASS] W2_apt seed 1: calibration partition attack-free: 0 labelled sessions, 0 injected requests in calibration
  [PASS] W2_apt seed 1: injected sessions keep the original length: every injected session has the request count of its original
  [PASS] W2_apt seed 2: calibration/evaluation session-disjoint: 0 shared session ids
  [PASS] W2_apt seed 2: calibration partition attack-free: 0 labelled sessions, 0 injected requests in calibration
  [PASS] W2_apt seed 2: injected sessions keep the original length: every injected session has the request count of its original
  [PASS] W2_apt: client-disjoint split isolates clients: 0 clients in both partitions
  [PASS] development and reporting seed blocks are disjoint: reporting 0-29, development 100-119
  [PASS] final invariant set consumes no timing or volume feature: retained invariants: V1_agent_mutation, V2_scope_discontinuity, V3_binding_fork -- none reads an inter-arrival gap, a byte count, a request count or a session duration, so any residual marginal signal in those quantities cannot reach the detector
  26 passed, 0 failed
   done in 5.9s
workload        feature  n_runs  roc_auc_mean  roc_auc_sd  roc_auc_ci_lo  roc_auc_ci_hi
  W1_web distinct_paths      20      0.498467    0.074078       0.466138       0.529124
  W1_web     duration_s      20      0.494738    0.056772       0.470441       0.518911
  W1_web     error_rate      20      0.505244    0.042628       0.487147       0.523615
  W1_web     mean_bytes      20      0.506059    0.074171       0.474350       0.537484
  W1_web   median_gap_s      20      0.412142    0.047798       0.392036       0.432175
  W1_web      min_gap_s      20      0.466000    0.062866       0.439451       0.492821
  W1_web     n_requests      20      0.521792    0.066328       0.493763       0.549675
  W1_web    total_bytes      20      0.520579    0.072581       0.489613       0.551291
  W2_apt distinct_paths      20      0.732304    0.010961       0.727761       0.736928
  W2_apt     duration_s      20      0.496048    0.016615       0.489032       0.503415
  W2_apt     error_rate      20      0.510780    0.018510       0.502987       0.518624
  W2_apt     mean_bytes      20      0.510764    0.018195       0.502938       0.518497
  W2_apt   median_gap_s      20      0.438784    0.018441       0.430783       0.446802
  W2_apt      min_gap_s      20      0.487664    0.013186       0.482004       0.493230
  W2_apt     n_requests      20      0.517760    0.016870       0.510705       0.524804
  W2_apt    total_bytes      20      0.516449    0.017753       0.509063       0.524069
