== E1 main evaluation (30 seeds x 2 workloads)
  wrote results/tables/e1_main_runs.csv  (60 rows)
  wrote results/tables/e1_main_summary.csv  (2 rows)
  wrote results/tables/e1_per_scenario.csv  (16 rows)
  wrote results/tables/e1_false_alarms_by_benign_class.csv  (22 rows)
  wrote results/tables/e1_calibration_runs.csv  (60 rows)
  wrote results/tables/e1_calibration_summary.csv  (2 rows)
   done in 50.4s
== E1b false-alarm budget sweep
  wrote results/tables/e1_alpha_sweep_runs.csv  (210 rows)
  wrote results/tables/e1_alpha_sweep.csv  (14 rows)
   done in 132.3s
== E2 baseline comparison
  wrote results/tables/e2_baseline_runs.csv  (660 rows)
  wrote results/tables/e2_baselines.csv  (22 rows)
   done in 55.7s

--- main summary ---
workload  n_runs  recall_mean  recall_sd  recall_ci_lo  recall_ci_hi  precision_mean  precision_sd  precision_ci_lo  precision_ci_hi  f1_mean    f1_sd  f1_ci_lo  f1_ci_hi  fpr_mean   fpr_sd  fpr_ci_lo  fpr_ci_hi  roc_auc_mean  roc_auc_sd  roc_auc_ci_lo  roc_auc_ci_hi
  W1_web      30     0.567199   0.140545      0.519594      0.618165        0.870366      0.083769         0.840110         0.899317 0.674068 0.094294  0.641106  0.707535   0.01863 0.015027   0.013549   0.024212      0.965127     0.01377       0.960228       0.969817
  W2_apt      30     0.427686   0.069237      0.403199      0.451348        0.856849      0.037321         0.844113         0.870181 0.565959 0.060595  0.544557  0.586767   0.01776 0.006481   0.015474   0.020014      0.959764     0.00443       0.958237       0.961340
